------------------------------------------------------------
Timing Analyzer Summary
------------------------------------------------------------

Type  : Slow 1100mV 85C Model Setup 'KEY[0]'
Slack : -10.698
TNS   : -18069.580

Type  : Slow 1100mV 85C Model Hold 'KEY[0]'
Slack : 1.165
TNS   : 0.000

Type  : Slow 1100mV 85C Model Minimum Pulse Width 'KEY[0]'
Slack : -0.630
TNS   : -2462.022

Type  : Slow 1100mV 0C Model Setup 'KEY[0]'
Slack : -10.771
TNS   : -17624.864

Type  : Slow 1100mV 0C Model Hold 'KEY[0]'
Slack : 1.134
TNS   : 0.000

Type  : Slow 1100mV 0C Model Minimum Pulse Width 'KEY[0]'
Slack : -0.553
TNS   : -2316.788

Type  : Fast 1100mV 85C Model Setup 'KEY[0]'
Slack : -5.112
TNS   : -8314.906

Type  : Fast 1100mV 85C Model Hold 'KEY[0]'
Slack : 0.541
TNS   : 0.000

Type  : Fast 1100mV 85C Model Minimum Pulse Width 'KEY[0]'
Slack : -0.672
TNS   : -2097.476

Type  : Fast 1100mV 0C Model Setup 'KEY[0]'
Slack : -4.523
TNS   : -7275.030

Type  : Fast 1100mV 0C Model Hold 'KEY[0]'
Slack : 0.497
TNS   : 0.000

Type  : Fast 1100mV 0C Model Minimum Pulse Width 'KEY[0]'
Slack : -0.672
TNS   : -2131.581

------------------------------------------------------------
