------------------------------------------------------------
Timing Analyzer Summary
------------------------------------------------------------

Type  : Slow 1100mV 85C Model Setup 'CLOCK_50'
Slack : -10.799
TNS   : -4530.740

Type  : Slow 1100mV 85C Model Hold 'CLOCK_50'
Slack : 0.457
TNS   : 0.000

Type  : Slow 1100mV 85C Model Recovery 'KEY[0]'
Slack : -4.252
TNS   : -4.252

Type  : Slow 1100mV 85C Model Recovery 'FPGA_RESET_N'
Slack : -4.215
TNS   : -4.215

Type  : Slow 1100mV 85C Model Recovery 'KEY[1]'
Slack : -4.061
TNS   : -4.061

Type  : Slow 1100mV 85C Model Removal 'KEY[1]'
Slack : 1.208
TNS   : 0.000

Type  : Slow 1100mV 85C Model Removal 'FPGA_RESET_N'
Slack : 1.300
TNS   : 0.000

Type  : Slow 1100mV 85C Model Removal 'KEY[0]'
Slack : 1.474
TNS   : 0.000

Type  : Slow 1100mV 85C Model Minimum Pulse Width 'CLOCK_50'
Slack : -0.538
TNS   : -543.294

Type  : Slow 1100mV 85C Model Minimum Pulse Width 'KEY[1]'
Slack : -0.538
TNS   : -0.964

Type  : Slow 1100mV 85C Model Minimum Pulse Width 'KEY[0]'
Slack : -0.538
TNS   : -0.943

Type  : Slow 1100mV 85C Model Minimum Pulse Width 'FPGA_RESET_N'
Slack : -0.538
TNS   : -0.792

Type  : Slow 1100mV 0C Model Setup 'CLOCK_50'
Slack : -10.601
TNS   : -4403.159

Type  : Slow 1100mV 0C Model Hold 'CLOCK_50'
Slack : 0.487
TNS   : 0.000

Type  : Slow 1100mV 0C Model Recovery 'KEY[0]'
Slack : -4.558
TNS   : -4.558

Type  : Slow 1100mV 0C Model Recovery 'FPGA_RESET_N'
Slack : -4.431
TNS   : -4.431

Type  : Slow 1100mV 0C Model Recovery 'KEY[1]'
Slack : -4.347
TNS   : -4.347

Type  : Slow 1100mV 0C Model Removal 'KEY[1]'
Slack : 1.393
TNS   : 0.000

Type  : Slow 1100mV 0C Model Removal 'FPGA_RESET_N'
Slack : 1.440
TNS   : 0.000

Type  : Slow 1100mV 0C Model Removal 'KEY[0]'
Slack : 1.618
TNS   : 0.000

Type  : Slow 1100mV 0C Model Minimum Pulse Width 'CLOCK_50'
Slack : -0.538
TNS   : -480.499

Type  : Slow 1100mV 0C Model Minimum Pulse Width 'KEY[1]'
Slack : -0.538
TNS   : -0.967

Type  : Slow 1100mV 0C Model Minimum Pulse Width 'KEY[0]'
Slack : -0.538
TNS   : -0.927

Type  : Slow 1100mV 0C Model Minimum Pulse Width 'FPGA_RESET_N'
Slack : -0.538
TNS   : -0.783

Type  : Fast 1100mV 85C Model Setup 'CLOCK_50'
Slack : -5.124
TNS   : -2108.006

Type  : Fast 1100mV 85C Model Hold 'CLOCK_50'
Slack : 0.181
TNS   : 0.000

Type  : Fast 1100mV 85C Model Recovery 'KEY[0]'
Slack : -1.687
TNS   : -1.687

Type  : Fast 1100mV 85C Model Recovery 'FPGA_RESET_N'
Slack : -1.631
TNS   : -1.631

Type  : Fast 1100mV 85C Model Recovery 'KEY[1]'
Slack : -1.535
TNS   : -1.535

Type  : Fast 1100mV 85C Model Removal 'KEY[1]'
Slack : 0.304
TNS   : 0.000

Type  : Fast 1100mV 85C Model Removal 'FPGA_RESET_N'
Slack : 0.392
TNS   : 0.000

Type  : Fast 1100mV 85C Model Removal 'KEY[0]'
Slack : 0.511
TNS   : 0.000

Type  : Fast 1100mV 85C Model Minimum Pulse Width 'KEY[1]'
Slack : -0.548
TNS   : -1.567

Type  : Fast 1100mV 85C Model Minimum Pulse Width 'KEY[0]'
Slack : -0.467
TNS   : -1.271

Type  : Fast 1100mV 85C Model Minimum Pulse Width 'CLOCK_50'
Slack : -0.409
TNS   : -279.255

Type  : Fast 1100mV 85C Model Minimum Pulse Width 'FPGA_RESET_N'
Slack : -0.337
TNS   : -0.904

Type  : Fast 1100mV 0C Model Setup 'CLOCK_50'
Slack : -4.589
TNS   : -1823.473

Type  : Fast 1100mV 0C Model Hold 'CLOCK_50'
Slack : 0.135
TNS   : 0.000

Type  : Fast 1100mV 0C Model Recovery 'KEY[0]'
Slack : -1.495
TNS   : -1.495

Type  : Fast 1100mV 0C Model Recovery 'FPGA_RESET_N'
Slack : -1.417
TNS   : -1.417

Type  : Fast 1100mV 0C Model Recovery 'KEY[1]'
Slack : -1.352
TNS   : -1.352

Type  : Fast 1100mV 0C Model Removal 'KEY[1]'
Slack : 0.253
TNS   : 0.000

Type  : Fast 1100mV 0C Model Removal 'FPGA_RESET_N'
Slack : 0.342
TNS   : 0.000

Type  : Fast 1100mV 0C Model Removal 'KEY[0]'
Slack : 0.444
TNS   : 0.000

Type  : Fast 1100mV 0C Model Minimum Pulse Width 'KEY[1]'
Slack : -0.585
TNS   : -1.747

Type  : Fast 1100mV 0C Model Minimum Pulse Width 'KEY[0]'
Slack : -0.511
TNS   : -1.492

Type  : Fast 1100mV 0C Model Minimum Pulse Width 'CLOCK_50'
Slack : -0.446
TNS   : -332.384

Type  : Fast 1100mV 0C Model Minimum Pulse Width 'FPGA_RESET_N'
Slack : -0.401
TNS   : -1.190

------------------------------------------------------------
