------------------------------------------------------------
Timing Analyzer Summary
------------------------------------------------------------

Type  : Slow 1100mV 85C Model Setup 'CLOCK_50'
Slack : -11.078
TNS   : -4178.430

Type  : Slow 1100mV 85C Model Hold 'CLOCK_50'
Slack : 0.469
TNS   : 0.000

Type  : Slow 1100mV 85C Model Recovery 'KEY[1]'
Slack : -4.791
TNS   : -4.791

Type  : Slow 1100mV 85C Model Recovery 'KEY[0]'
Slack : -4.503
TNS   : -4.503

Type  : Slow 1100mV 85C Model Recovery 'FPGA_RESET_N'
Slack : -4.167
TNS   : -4.167

Type  : Slow 1100mV 85C Model Removal 'FPGA_RESET_N'
Slack : 1.461
TNS   : 0.000

Type  : Slow 1100mV 85C Model Removal 'KEY[1]'
Slack : 1.827
TNS   : 0.000

Type  : Slow 1100mV 85C Model Removal 'KEY[0]'
Slack : 1.849
TNS   : 0.000

Type  : Slow 1100mV 85C Model Minimum Pulse Width 'CLOCK_50'
Slack : -0.538
TNS   : -520.104

Type  : Slow 1100mV 85C Model Minimum Pulse Width 'KEY[0]'
Slack : -0.538
TNS   : -0.888

Type  : Slow 1100mV 85C Model Minimum Pulse Width 'KEY[1]'
Slack : -0.538
TNS   : -0.790

Type  : Slow 1100mV 85C Model Minimum Pulse Width 'FPGA_RESET_N'
Slack : -0.538
TNS   : -0.787

Type  : Slow 1100mV 0C Model Setup 'CLOCK_50'
Slack : -11.102
TNS   : -4063.310

Type  : Slow 1100mV 0C Model Hold 'CLOCK_50'
Slack : 0.483
TNS   : 0.000

Type  : Slow 1100mV 0C Model Recovery 'KEY[1]'
Slack : -4.970
TNS   : -4.970

Type  : Slow 1100mV 0C Model Recovery 'KEY[0]'
Slack : -4.667
TNS   : -4.667

Type  : Slow 1100mV 0C Model Recovery 'FPGA_RESET_N'
Slack : -4.401
TNS   : -4.401

Type  : Slow 1100mV 0C Model Removal 'FPGA_RESET_N'
Slack : 1.545
TNS   : 0.000

Type  : Slow 1100mV 0C Model Removal 'KEY[1]'
Slack : 1.846
TNS   : 0.000

Type  : Slow 1100mV 0C Model Removal 'KEY[0]'
Slack : 1.871
TNS   : 0.000

Type  : Slow 1100mV 0C Model Minimum Pulse Width 'CLOCK_50'
Slack : -0.538
TNS   : -460.231

Type  : Slow 1100mV 0C Model Minimum Pulse Width 'KEY[0]'
Slack : -0.538
TNS   : -0.883

Type  : Slow 1100mV 0C Model Minimum Pulse Width 'FPGA_RESET_N'
Slack : -0.538
TNS   : -0.795

Type  : Slow 1100mV 0C Model Minimum Pulse Width 'KEY[1]'
Slack : -0.538
TNS   : -0.783

Type  : Fast 1100mV 85C Model Setup 'CLOCK_50'
Slack : -5.118
TNS   : -1931.165

Type  : Fast 1100mV 85C Model Hold 'CLOCK_50'
Slack : 0.184
TNS   : 0.000

Type  : Fast 1100mV 85C Model Recovery 'KEY[1]'
Slack : -1.894
TNS   : -1.894

Type  : Fast 1100mV 85C Model Recovery 'KEY[0]'
Slack : -1.793
TNS   : -1.793

Type  : Fast 1100mV 85C Model Recovery 'FPGA_RESET_N'
Slack : -1.576
TNS   : -1.576

Type  : Fast 1100mV 85C Model Removal 'FPGA_RESET_N'
Slack : 0.215
TNS   : 0.000

Type  : Fast 1100mV 85C Model Removal 'KEY[1]'
Slack : 0.563
TNS   : 0.000

Type  : Fast 1100mV 85C Model Removal 'KEY[0]'
Slack : 0.672
TNS   : 0.000

Type  : Fast 1100mV 85C Model Minimum Pulse Width 'KEY[0]'
Slack : -0.478
TNS   : -1.290

Type  : Fast 1100mV 85C Model Minimum Pulse Width 'FPGA_RESET_N'
Slack : -0.429
TNS   : -1.334

Type  : Fast 1100mV 85C Model Minimum Pulse Width 'KEY[1]'
Slack : -0.416
TNS   : -1.160

Type  : Fast 1100mV 85C Model Minimum Pulse Width 'CLOCK_50'
Slack : -0.409
TNS   : -267.408

Type  : Fast 1100mV 0C Model Setup 'CLOCK_50'
Slack : -4.581
TNS   : -1660.196

Type  : Fast 1100mV 0C Model Hold 'CLOCK_50'
Slack : 0.159
TNS   : 0.000

Type  : Fast 1100mV 0C Model Recovery 'KEY[1]'
Slack : -1.617
TNS   : -1.617

Type  : Fast 1100mV 0C Model Recovery 'KEY[0]'
Slack : -1.530
TNS   : -1.530

Type  : Fast 1100mV 0C Model Recovery 'FPGA_RESET_N'
Slack : -1.376
TNS   : -1.376

Type  : Fast 1100mV 0C Model Removal 'FPGA_RESET_N'
Slack : 0.238
TNS   : 0.000

Type  : Fast 1100mV 0C Model Removal 'KEY[1]'
Slack : 0.490
TNS   : 0.000

Type  : Fast 1100mV 0C Model Removal 'KEY[0]'
Slack : 0.580
TNS   : 0.000

Type  : Fast 1100mV 0C Model Minimum Pulse Width 'KEY[0]'
Slack : -0.527
TNS   : -1.521

Type  : Fast 1100mV 0C Model Minimum Pulse Width 'KEY[1]'
Slack : -0.488
TNS   : -1.448

Type  : Fast 1100mV 0C Model Minimum Pulse Width 'FPGA_RESET_N'
Slack : -0.465
TNS   : -1.499

Type  : Fast 1100mV 0C Model Minimum Pulse Width 'CLOCK_50'
Slack : -0.446
TNS   : -318.543

------------------------------------------------------------
