------------------------------------------------------------
Timing Analyzer Summary
------------------------------------------------------------

Type  : Slow 1100mV 85C Model Setup 'CLOCK_50'
Slack : -11.554
TNS   : -4575.755

Type  : Slow 1100mV 85C Model Hold 'CLOCK_50'
Slack : 0.439
TNS   : 0.000

Type  : Slow 1100mV 85C Model Recovery 'divisorGenerico_e_Interface:div_KEY0|flipflopGenerico:registraUmSegundo|DOUT'
Slack : -7.887
TNS   : -7.887

Type  : Slow 1100mV 85C Model Recovery 'FPGA_RESET_N'
Slack : -4.761
TNS   : -4.761

Type  : Slow 1100mV 85C Model Recovery 'KEY[2]'
Slack : -4.673
TNS   : -4.673

Type  : Slow 1100mV 85C Model Recovery 'SW[9]'
Slack : -4.585
TNS   : -4.585

Type  : Slow 1100mV 85C Model Recovery 'KEY[1]'
Slack : -4.427
TNS   : -4.427

Type  : Slow 1100mV 85C Model Removal 'KEY[1]'
Slack : 1.410
TNS   : 0.000

Type  : Slow 1100mV 85C Model Removal 'KEY[2]'
Slack : 1.511
TNS   : 0.000

Type  : Slow 1100mV 85C Model Removal 'SW[9]'
Slack : 1.516
TNS   : 0.000

Type  : Slow 1100mV 85C Model Removal 'FPGA_RESET_N'
Slack : 1.576
TNS   : 0.000

Type  : Slow 1100mV 85C Model Removal 'divisorGenerico_e_Interface:div_KEY0|flipflopGenerico:registraUmSegundo|DOUT'
Slack : 5.218
TNS   : 0.000

Type  : Slow 1100mV 85C Model Minimum Pulse Width 'SW[9]'
Slack : -0.693
TNS   : -1.231

Type  : Slow 1100mV 85C Model Minimum Pulse Width 'CLOCK_50'
Slack : -0.538
TNS   : -580.176

Type  : Slow 1100mV 85C Model Minimum Pulse Width 'KEY[2]'
Slack : -0.538
TNS   : -0.936

Type  : Slow 1100mV 85C Model Minimum Pulse Width 'FPGA_RESET_N'
Slack : -0.538
TNS   : -0.888

Type  : Slow 1100mV 85C Model Minimum Pulse Width 'KEY[1]'
Slack : -0.538
TNS   : -0.877

Type  : Slow 1100mV 85C Model Minimum Pulse Width 'divisorGenerico_e_Interface:div_KEY0|flipflopGenerico:registraUmSegundo|DOUT'
Slack : -0.538
TNS   : -0.768

Type  : Slow 1100mV 0C Model Setup 'CLOCK_50'
Slack : -11.588
TNS   : -4436.136

Type  : Slow 1100mV 0C Model Hold 'CLOCK_50'
Slack : 0.232
TNS   : 0.000

Type  : Slow 1100mV 0C Model Recovery 'divisorGenerico_e_Interface:div_KEY0|flipflopGenerico:registraUmSegundo|DOUT'
Slack : -7.944
TNS   : -7.944

Type  : Slow 1100mV 0C Model Recovery 'FPGA_RESET_N'
Slack : -4.892
TNS   : -4.892

Type  : Slow 1100mV 0C Model Recovery 'SW[9]'
Slack : -4.769
TNS   : -4.769

Type  : Slow 1100mV 0C Model Recovery 'KEY[2]'
Slack : -4.719
TNS   : -4.719

Type  : Slow 1100mV 0C Model Recovery 'KEY[1]'
Slack : -4.602
TNS   : -4.602

Type  : Slow 1100mV 0C Model Removal 'KEY[1]'
Slack : 1.500
TNS   : 0.000

Type  : Slow 1100mV 0C Model Removal 'KEY[2]'
Slack : 1.543
TNS   : 0.000

Type  : Slow 1100mV 0C Model Removal 'SW[9]'
Slack : 1.688
TNS   : 0.000

Type  : Slow 1100mV 0C Model Removal 'FPGA_RESET_N'
Slack : 1.695
TNS   : 0.000

Type  : Slow 1100mV 0C Model Removal 'divisorGenerico_e_Interface:div_KEY0|flipflopGenerico:registraUmSegundo|DOUT'
Slack : 5.246
TNS   : 0.000

Type  : Slow 1100mV 0C Model Minimum Pulse Width 'SW[9]'
Slack : -0.714
TNS   : -1.252

Type  : Slow 1100mV 0C Model Minimum Pulse Width 'CLOCK_50'
Slack : -0.538
TNS   : -518.037

Type  : Slow 1100mV 0C Model Minimum Pulse Width 'KEY[2]'
Slack : -0.538
TNS   : -0.950

Type  : Slow 1100mV 0C Model Minimum Pulse Width 'KEY[1]'
Slack : -0.538
TNS   : -0.888

Type  : Slow 1100mV 0C Model Minimum Pulse Width 'FPGA_RESET_N'
Slack : -0.538
TNS   : -0.874

Type  : Slow 1100mV 0C Model Minimum Pulse Width 'divisorGenerico_e_Interface:div_KEY0|flipflopGenerico:registraUmSegundo|DOUT'
Slack : -0.538
TNS   : -0.773

Type  : Fast 1100mV 85C Model Setup 'CLOCK_50'
Slack : -5.658
TNS   : -2096.503

Type  : Fast 1100mV 85C Model Hold 'CLOCK_50'
Slack : -0.077
TNS   : -0.176

Type  : Fast 1100mV 85C Model Recovery 'divisorGenerico_e_Interface:div_KEY0|flipflopGenerico:registraUmSegundo|DOUT'
Slack : -3.697
TNS   : -3.697

Type  : Fast 1100mV 85C Model Recovery 'SW[9]'
Slack : -2.110
TNS   : -2.110

Type  : Fast 1100mV 85C Model Recovery 'FPGA_RESET_N'
Slack : -2.041
TNS   : -2.041

Type  : Fast 1100mV 85C Model Recovery 'KEY[2]'
Slack : -1.916
TNS   : -1.916

Type  : Fast 1100mV 85C Model Recovery 'KEY[1]'
Slack : -1.800
TNS   : -1.800

Type  : Fast 1100mV 85C Model Removal 'KEY[1]'
Slack : 0.403
TNS   : 0.000

Type  : Fast 1100mV 85C Model Removal 'KEY[2]'
Slack : 0.487
TNS   : 0.000

Type  : Fast 1100mV 85C Model Removal 'FPGA_RESET_N'
Slack : 0.536
TNS   : 0.000

Type  : Fast 1100mV 85C Model Removal 'SW[9]'
Slack : 0.685
TNS   : 0.000

Type  : Fast 1100mV 85C Model Removal 'divisorGenerico_e_Interface:div_KEY0|flipflopGenerico:registraUmSegundo|DOUT'
Slack : 2.416
TNS   : 0.000

Type  : Fast 1100mV 85C Model Minimum Pulse Width 'SW[9]'
Slack : -0.783
TNS   : -1.975

Type  : Fast 1100mV 85C Model Minimum Pulse Width 'KEY[2]'
Slack : -0.451
TNS   : -1.336

Type  : Fast 1100mV 85C Model Minimum Pulse Width 'KEY[1]'
Slack : -0.443
TNS   : -1.276

Type  : Fast 1100mV 85C Model Minimum Pulse Width 'FPGA_RESET_N'
Slack : -0.440
TNS   : -1.282

Type  : Fast 1100mV 85C Model Minimum Pulse Width 'CLOCK_50'
Slack : -0.404
TNS   : -295.192

Type  : Fast 1100mV 85C Model Minimum Pulse Width 'divisorGenerico_e_Interface:div_KEY0|flipflopGenerico:registraUmSegundo|DOUT'
Slack : 0.147
TNS   : 0.000

Type  : Fast 1100mV 0C Model Setup 'CLOCK_50'
Slack : -4.975
TNS   : -1803.556

Type  : Fast 1100mV 0C Model Hold 'CLOCK_50'
Slack : -0.165
TNS   : -1.536

Type  : Fast 1100mV 0C Model Recovery 'divisorGenerico_e_Interface:div_KEY0|flipflopGenerico:registraUmSegundo|DOUT'
Slack : -3.394
TNS   : -3.394

Type  : Fast 1100mV 0C Model Recovery 'SW[9]'
Slack : -1.903
TNS   : -1.903

Type  : Fast 1100mV 0C Model Recovery 'FPGA_RESET_N'
Slack : -1.781
TNS   : -1.781

Type  : Fast 1100mV 0C Model Recovery 'KEY[2]'
Slack : -1.648
TNS   : -1.648

Type  : Fast 1100mV 0C Model Recovery 'KEY[1]'
Slack : -1.564
TNS   : -1.564

Type  : Fast 1100mV 0C Model Removal 'KEY[1]'
Slack : 0.360
TNS   : 0.000

Type  : Fast 1100mV 0C Model Removal 'KEY[2]'
Slack : 0.419
TNS   : 0.000

Type  : Fast 1100mV 0C Model Removal 'FPGA_RESET_N'
Slack : 0.505
TNS   : 0.000

Type  : Fast 1100mV 0C Model Removal 'SW[9]'
Slack : 0.669
TNS   : 0.000

Type  : Fast 1100mV 0C Model Removal 'divisorGenerico_e_Interface:div_KEY0|flipflopGenerico:registraUmSegundo|DOUT'
Slack : 2.292
TNS   : 0.000

Type  : Fast 1100mV 0C Model Minimum Pulse Width 'SW[9]'
Slack : -0.775
TNS   : -2.091

Type  : Fast 1100mV 0C Model Minimum Pulse Width 'KEY[2]'
Slack : -0.515
TNS   : -1.593

Type  : Fast 1100mV 0C Model Minimum Pulse Width 'KEY[1]'
Slack : -0.496
TNS   : -1.509

Type  : Fast 1100mV 0C Model Minimum Pulse Width 'FPGA_RESET_N'
Slack : -0.486
TNS   : -1.492

Type  : Fast 1100mV 0C Model Minimum Pulse Width 'CLOCK_50'
Slack : -0.444
TNS   : -355.436

Type  : Fast 1100mV 0C Model Minimum Pulse Width 'divisorGenerico_e_Interface:div_KEY0|flipflopGenerico:registraUmSegundo|DOUT'
Slack : 0.146
TNS   : 0.000

------------------------------------------------------------
