------------------------------------------------------------
Timing Analyzer Summary
------------------------------------------------------------

Type  : Slow 1100mV 85C Model Setup 'CLOCK_50'
Slack : -11.242
TNS   : -4756.752

Type  : Slow 1100mV 85C Model Hold 'CLOCK_50'
Slack : 0.346
TNS   : 0.000

Type  : Slow 1100mV 85C Model Recovery 'divisorGenerico_e_Interface:div_KEY0|flipflopGenerico:registraUmSegundo|DOUT'
Slack : -7.850
TNS   : -7.850

Type  : Slow 1100mV 85C Model Recovery 'KEY[1]'
Slack : -4.564
TNS   : -4.564

Type  : Slow 1100mV 85C Model Recovery 'FPGA_RESET_N'
Slack : -4.491
TNS   : -8.979

Type  : Slow 1100mV 85C Model Recovery 'SW[9]'
Slack : -4.476
TNS   : -4.476

Type  : Slow 1100mV 85C Model Removal 'FPGA_RESET_N'
Slack : 1.396
TNS   : 0.000

Type  : Slow 1100mV 85C Model Removal 'KEY[1]'
Slack : 1.433
TNS   : 0.000

Type  : Slow 1100mV 85C Model Removal 'SW[9]'
Slack : 1.445
TNS   : 0.000

Type  : Slow 1100mV 85C Model Removal 'divisorGenerico_e_Interface:div_KEY0|flipflopGenerico:registraUmSegundo|DOUT'
Slack : 5.218
TNS   : 0.000

Type  : Slow 1100mV 85C Model Minimum Pulse Width 'SW[9]'
Slack : -0.615
TNS   : -1.153

Type  : Slow 1100mV 85C Model Minimum Pulse Width 'CLOCK_50'
Slack : -0.538
TNS   : -585.654

Type  : Slow 1100mV 85C Model Minimum Pulse Width 'FPGA_RESET_N'
Slack : -0.538
TNS   : -1.618

Type  : Slow 1100mV 85C Model Minimum Pulse Width 'KEY[1]'
Slack : -0.538
TNS   : -1.010

Type  : Slow 1100mV 85C Model Minimum Pulse Width 'divisorGenerico_e_Interface:div_KEY0|flipflopGenerico:registraUmSegundo|DOUT'
Slack : -0.538
TNS   : -0.770

Type  : Slow 1100mV 0C Model Setup 'CLOCK_50'
Slack : -11.233
TNS   : -4639.630

Type  : Slow 1100mV 0C Model Hold 'CLOCK_50'
Slack : 0.120
TNS   : 0.000

Type  : Slow 1100mV 0C Model Recovery 'divisorGenerico_e_Interface:div_KEY0|flipflopGenerico:registraUmSegundo|DOUT'
Slack : -7.918
TNS   : -7.918

Type  : Slow 1100mV 0C Model Recovery 'KEY[1]'
Slack : -4.706
TNS   : -4.706

Type  : Slow 1100mV 0C Model Recovery 'FPGA_RESET_N'
Slack : -4.704
TNS   : -9.404

Type  : Slow 1100mV 0C Model Recovery 'SW[9]'
Slack : -4.701
TNS   : -4.701

Type  : Slow 1100mV 0C Model Removal 'FPGA_RESET_N'
Slack : 1.523
TNS   : 0.000

Type  : Slow 1100mV 0C Model Removal 'KEY[1]'
Slack : 1.569
TNS   : 0.000

Type  : Slow 1100mV 0C Model Removal 'SW[9]'
Slack : 1.626
TNS   : 0.000

Type  : Slow 1100mV 0C Model Removal 'divisorGenerico_e_Interface:div_KEY0|flipflopGenerico:registraUmSegundo|DOUT'
Slack : 5.228
TNS   : 0.000

Type  : Slow 1100mV 0C Model Minimum Pulse Width 'SW[9]'
Slack : -0.639
TNS   : -1.177

Type  : Slow 1100mV 0C Model Minimum Pulse Width 'CLOCK_50'
Slack : -0.538
TNS   : -518.728

Type  : Slow 1100mV 0C Model Minimum Pulse Width 'FPGA_RESET_N'
Slack : -0.538
TNS   : -1.598

Type  : Slow 1100mV 0C Model Minimum Pulse Width 'KEY[1]'
Slack : -0.538
TNS   : -1.070

Type  : Slow 1100mV 0C Model Minimum Pulse Width 'divisorGenerico_e_Interface:div_KEY0|flipflopGenerico:registraUmSegundo|DOUT'
Slack : -0.538
TNS   : -0.775

Type  : Fast 1100mV 85C Model Setup 'CLOCK_50'
Slack : -5.339
TNS   : -2213.051

Type  : Fast 1100mV 85C Model Hold 'CLOCK_50'
Slack : -0.133
TNS   : -1.368

Type  : Fast 1100mV 85C Model Recovery 'divisorGenerico_e_Interface:div_KEY0|flipflopGenerico:registraUmSegundo|DOUT'
Slack : -3.589
TNS   : -3.589

Type  : Fast 1100mV 85C Model Recovery 'SW[9]'
Slack : -2.001
TNS   : -2.001

Type  : Fast 1100mV 85C Model Recovery 'FPGA_RESET_N'
Slack : -1.785
TNS   : -3.570

Type  : Fast 1100mV 85C Model Recovery 'KEY[1]'
Slack : -1.681
TNS   : -1.681

Type  : Fast 1100mV 85C Model Removal 'KEY[1]'
Slack : 0.324
TNS   : 0.000

Type  : Fast 1100mV 85C Model Removal 'FPGA_RESET_N'
Slack : 0.451
TNS   : 0.000

Type  : Fast 1100mV 85C Model Removal 'SW[9]'
Slack : 0.786
TNS   : 0.000

Type  : Fast 1100mV 85C Model Removal 'divisorGenerico_e_Interface:div_KEY0|flipflopGenerico:registraUmSegundo|DOUT'
Slack : 2.515
TNS   : 0.000

Type  : Fast 1100mV 85C Model Minimum Pulse Width 'SW[9]'
Slack : -0.730
TNS   : -1.808

Type  : Fast 1100mV 85C Model Minimum Pulse Width 'KEY[1]'
Slack : -0.503
TNS   : -1.606

Type  : Fast 1100mV 85C Model Minimum Pulse Width 'CLOCK_50'
Slack : -0.409
TNS   : -300.751

Type  : Fast 1100mV 85C Model Minimum Pulse Width 'FPGA_RESET_N'
Slack : -0.318
TNS   : -1.185

Type  : Fast 1100mV 85C Model Minimum Pulse Width 'divisorGenerico_e_Interface:div_KEY0|flipflopGenerico:registraUmSegundo|DOUT'
Slack : 0.146
TNS   : 0.000

Type  : Fast 1100mV 0C Model Setup 'CLOCK_50'
Slack : -4.764
TNS   : -1913.650

Type  : Fast 1100mV 0C Model Hold 'CLOCK_50'
Slack : -0.239
TNS   : -5.004

Type  : Fast 1100mV 0C Model Recovery 'divisorGenerico_e_Interface:div_KEY0|flipflopGenerico:registraUmSegundo|DOUT'
Slack : -3.293
TNS   : -3.293

Type  : Fast 1100mV 0C Model Recovery 'SW[9]'
Slack : -1.806
TNS   : -1.806

Type  : Fast 1100mV 0C Model Recovery 'FPGA_RESET_N'
Slack : -1.594
TNS   : -3.188

Type  : Fast 1100mV 0C Model Recovery 'KEY[1]'
Slack : -1.453
TNS   : -1.453

Type  : Fast 1100mV 0C Model Removal 'KEY[1]'
Slack : 0.277
TNS   : 0.000

Type  : Fast 1100mV 0C Model Removal 'FPGA_RESET_N'
Slack : 0.420
TNS   : 0.000

Type  : Fast 1100mV 0C Model Removal 'SW[9]'
Slack : 0.754
TNS   : 0.000

Type  : Fast 1100mV 0C Model Removal 'divisorGenerico_e_Interface:div_KEY0|flipflopGenerico:registraUmSegundo|DOUT'
Slack : 2.367
TNS   : 0.000

Type  : Fast 1100mV 0C Model Minimum Pulse Width 'SW[9]'
Slack : -0.756
TNS   : -2.006

Type  : Fast 1100mV 0C Model Minimum Pulse Width 'KEY[1]'
Slack : -0.568
TNS   : -1.819

Type  : Fast 1100mV 0C Model Minimum Pulse Width 'CLOCK_50'
Slack : -0.445
TNS   : -358.876

Type  : Fast 1100mV 0C Model Minimum Pulse Width 'FPGA_RESET_N'
Slack : -0.381
TNS   : -1.587

Type  : Fast 1100mV 0C Model Minimum Pulse Width 'divisorGenerico_e_Interface:div_KEY0|flipflopGenerico:registraUmSegundo|DOUT'
Slack : 0.143
TNS   : 0.000

------------------------------------------------------------
